[0m[[0m[0mdebug[0m] [0m[0m> Exec(runMain Min_Max, Some(32eed8ae-20ed-4065-ade3-addfee959137), Some(CommandSource(console0)))[0m
[0m[[0m[0mdebug[0m] [0m[0mEvaluating tasks: Compile / runMain[0m
[0m[[0m[0mdebug[0m] [0m[0mRunning task... Cancel: Signal, check cycles: false, forcegc: true[0m
[0m[[0m[31merror[0m] [0m[0mjava.lang.ClassNotFoundException: Min_Max[0m
[0m[[0m[31merror[0m] [0m[0m	at java.base/java.net.URLClassLoader.findClass(URLClassLoader.java:377)[0m
[0m[[0m[31merror[0m] [0m[0m	at sbt.internal.ManagedClassLoader.findClass(ManagedClassLoader.java:103)[0m
[0m[[0m[31merror[0m] [0m[0m	at java.base/java.lang.ClassLoader.loadClass(ClassLoader.java:569)[0m
[0m[[0m[31merror[0m] [0m[0m	at java.base/java.lang.ClassLoader.loadClass(ClassLoader.java:502)[0m
[0m[[0m[31merror[0m] [0m[0m	at java.base/java.lang.Class.forName0(Native Method)[0m
[0m[[0m[31merror[0m] [0m[0m	at java.base/java.lang.Class.forName(Class.java:560)[0m
[0m[[0m[31merror[0m] [0m[0m	at sbt.Run.detectMainMethod(Run.scala:186)[0m
[0m[[0m[31merror[0m] [0m[0m	at sbt.Run.execute$1(Run.scala:96)[0m
[0m[[0m[31merror[0m] [0m[0m	at sbt.Run.runWithLoader$$anonfun$2(Run.scala:123)[0m
[0m[[0m[31merror[0m] [0m[0m	at sbt.Run.runWithLoader$$anonfun$adapted$1(Run.scala:123)[0m
[0m[[0m[31merror[0m] [0m[0m	at scala.Function0.apply$mcV$sp(Function0.scala:42)[0m
[0m[[0m[31merror[0m] [0m[0m	at sbt.Run$.executeSuccess(Run.scala:240)[0m
[0m[[0m[31merror[0m] [0m[0m	at sbt.Run.runWithLoader(Run.scala:123)[0m
[0m[[0m[31merror[0m] [0m[0m	at sbt.internal.RunUtil$.$anonfun$8$$anonfun$1(RunUtil.scala:214)[0m
[0m[[0m[31merror[0m] [0m[0m	at sbt.internal.RunUtil$.termWrapper$$anonfun$1$$anonfun$1(RunUtil.scala:121)[0m
[0m[[0m[31merror[0m] [0m[0m	at scala.runtime.java8.JFunction0$mcV$sp.apply(JFunction0$mcV$sp.scala:20)[0m
[0m[[0m[31merror[0m] [0m[0m	at scala.util.Try$.apply(Try.scala:199)[0m
[0m[[0m[31merror[0m] [0m[0m	at sbt.internal.BackgroundThreadPool$BackgroundRunnable.run(DefaultBackgroundJobService.scala:407)[0m
[0m[[0m[31merror[0m] [0m[0m	at java.base/java.util.concurrent.ThreadPoolExecutor.runWorker(ThreadPoolExecutor.java:1090)[0m
[0m[[0m[31merror[0m] [0m[0m	at java.base/java.util.concurrent.ThreadPoolExecutor$Worker.run(ThreadPoolExecutor.java:614)[0m
[0m[[0m[31merror[0m] [0m[0m	at java.base/java.lang.Thread.run(Thread.java:1516)[0m
[0m[[0m[31merror[0m] [0m[0m(Compile / [31mrunMain[0m) java.lang.ClassNotFoundException: Min_Max[0m
[0m[[0m[31merror[0m] [0m[0melapsed time: 0 s, cache 100%, 19 disk cache hits[0m
[0m[[0m[0mdebug[0m] [0m[0m> Exec(shell, None, None)[0m
